// Jest Snapshot v1, https://goo.gl/fbAQLP

exports[`render simple dast /2 with default rules renders the document 1`] = `"<h1>This<br>is a<br>title!</h1>"`;

exports[`render simple dast with no links/blocks with custom rules renders the document 1`] = `"<h2>That<br>is a<br>title!</h2>"`;

exports[`render simple dast with no links/blocks with default rules renders the document 1`] = `"<h1>This<br>is a<br>title!</h1>"`;

exports[`render with links/blocks skipping rendering of custom nodes renders the document 1`] = `"<h1>This is a<mark>title</mark></h1>"`;

exports[`render with links/blocks with default rules renders the document 1`] = `"<h1>This is a<mark>title</mark><a href=\\"/docs/how-to-code\\">How to code</a><a href=\\"/docs/how-to-code\\">here!</a><em>John Doe</em></h1><figure><blockquote>Foo bar.</blockquote><figcaption>Mark Smith</figcaption></figure>"`;

exports[`render with no value renders null 1`] = `null`;
